
> my-v0-project@0.1.0 dev
> next dev

   ▲ Next.js 16.0.3 (Turbopack)
   - Local:         http://localhost:3000
   - Network:       http://25.52.60.138:3000

 ✓ Starting...
[baseline-browser-mapping] The data in this module is over two months old.  To ensure accurate Baseline data, please update: `npm i baseline-browser-mapping@latest -D`
 ✓ Ready in 941ms
 ○ Compiling / ...
 GET / 200 in 5.1s (compile: 4.5s, render: 510ms)
 ✓ Compiled in 102ms
C:\Users\arieb\Desktop\Portfolioo\my-portfolio\node_modules\next\dist\shared\lib\turbopack\manifest-loader.js: Invalid source map. Only conformant source maps can be used to find the original code. Cause: Error: sourceMapURL could not be parsed
C:\Users\arieb\Desktop\Portfolioo\my-portfolio\node_modules\next\dist\server\dev\turbopack-utils.js: Invalid source map. Only conformant source maps can be used to find the original code. Cause: Error: sourceMapURL could not be parsed
C:\Users\arieb\Desktop\Portfolioo\my-portfolio\node_modules\next\dist\server\dev\hot-reloader-turbopack.js: Invalid source map. Only conformant source maps can be used to find the original code. Cause: Error: sourceMapURL could not be parsed
C:\Users\arieb\Desktop\Portfolioo\my-portfolio\node_modules\next\dist\trace\trace.js: Invalid source map. Only conformant source maps can be used to find the original code. Cause: Error: sourceMapURL could not be parsed
C:\Users\arieb\Desktop\Portfolioo\my-portfolio\node_modules\next\dist\server\lib\dev-bundler-service.js: Invalid source map. Only conformant source maps can be used to find the original code. Cause: Error: sourceMapURL could not be parsed
C:\Users\arieb\Desktop\Portfolioo\my-portfolio\node_modules\next\dist\server\dev\next-dev-server.js: Invalid source map. Only conformant source maps can be used to find the original code. Cause: Error: sourceMapURL could not be parsed
C:\Users\arieb\Desktop\Portfolioo\my-portfolio\node_modules\next\dist\server\route-matcher-managers\dev-route-matcher-manager.js: Invalid source map. Only conformant source maps can be used to find the original code. Cause: Error: sourceMapURL could not be parsed
C:\Users\arieb\Desktop\Portfolioo\my-portfolio\node_modules\next\dist\server\route-matcher-managers\default-route-matcher-manager.js: Invalid source map. Only conformant source maps can be used to find the original code. Cause: Error: sourceMapURL could not be parsed
C:\Users\arieb\Desktop\Portfolioo\my-portfolio\node_modules\next\dist\server\next-server.js: Invalid source map. Only conformant source maps can be used to find the original code. Cause: Error: sourceMapURL could not be parsed
C:\Users\arieb\Desktop\Portfolioo\my-portfolio\node_modules\next\dist\server\base-server.js: Invalid source map. Only conformant source maps can be used to find the original code. Cause: Error: sourceMapURL could not be parsed
C:\Users\arieb\Desktop\Portfolioo\my-portfolio\node_modules\next\dist\server\lib\router-server.js: Invalid source map. Only conformant source maps can be used to find the original code. Cause: Error: sourceMapURL could not be parsed
C:\Users\arieb\Desktop\Portfolioo\my-portfolio\node_modules\next\dist\server\lib\start-server.js: Invalid source map. Only conformant source maps can be used to find the original code. Cause: Error: sourceMapURL could not be parsed
 ⨯ Error: ENOENT: no such file or directory, open 'C:\Users\arieb\Desktop\Portfolioo\my-portfolio\.next\dev\server\app\page\app-paths-manifest.json'
    at ignore-listed frames {
  errno: -4058,
  code: 'ENOENT',
  syscall: 'open',
  path: 'C:\\Users\\arieb\\Desktop\\Portfolioo\\my-portfolio\\.next\\dev\\server\\app\\page\\app-paths-manifest.json'
}
 ✓ Compiled in 323ms
C:\Users\arieb\Desktop\Portfolioo\my-portfolio\node_modules\next\dist\lib\fs\write-atomic.js: Invalid source map. Only conformant source maps can be used to find the original code. Cause: Error: sourceMapURL could not be parsed
C:\Users\arieb\Desktop\Portfolioo\my-portfolio\node_modules\next\dist\shared\lib\turbopack\manifest-loader.js: Invalid source map. Only conformant source maps can be used to find the original code. Cause: Error: sourceMapURL could not be parsed
C:\Users\arieb\Desktop\Portfolioo\my-portfolio\node_modules\next\dist\server\dev\turbopack-utils.js: Invalid source map. Only conformant source maps can be used to find the original code. Cause: Error: sourceMapURL could not be parsed
C:\Users\arieb\Desktop\Portfolioo\my-portfolio\node_modules\next\dist\server\dev\hot-reloader-turbopack.js: Invalid source map. Only conformant source maps can be used to find the original code. Cause: Error: sourceMapURL could not be parsed
C:\Users\arieb\Desktop\Portfolioo\my-portfolio\node_modules\next\dist\trace\trace.js: Invalid source map. Only conformant source maps can be used to find the original code. Cause: Error: sourceMapURL could not be parsed
C:\Users\arieb\Desktop\Portfolioo\my-portfolio\node_modules\next\dist\server\lib\dev-bundler-service.js: Invalid source map. Only conformant source maps can be used to find the original code. Cause: Error: sourceMapURL could not be parsed
C:\Users\arieb\Desktop\Portfolioo\my-portfolio\node_modules\next\dist\server\dev\next-dev-server.js: Invalid source map. Only conformant source maps can be used to find the original code. Cause: Error: sourceMapURL could not be parsed
C:\Users\arieb\Desktop\Portfolioo\my-portfolio\node_modules\next\dist\server\base-server.js: Invalid source map. Only conformant source maps can be used to find the original code. Cause: Error: sourceMapURL could not be parsed
C:\Users\arieb\Desktop\Portfolioo\my-portfolio\node_modules\next\dist\server\next-server.js: Invalid source map. Only conformant source maps can be used to find the original code. Cause: Error: sourceMapURL could not be parsed
C:\Users\arieb\Desktop\Portfolioo\my-portfolio\node_modules\next\dist\server\lib\router-server.js: Invalid source map. Only conformant source maps can be used to find the original code. Cause: Error: sourceMapURL could not be parsed
C:\Users\arieb\Desktop\Portfolioo\my-portfolio\node_modules\next\dist\server\lib\start-server.js: Invalid source map. Only conformant source maps can be used to find the original code. Cause: Error: sourceMapURL could not be parsed
 ⨯ Error: ENOENT: no such file or directory, open 'C:\Users\arieb\Desktop\Portfolioo\my-portfolio\.next\dev\static\development\_buildManifest.js.tmp.oi5ooq21k6c'
    at ignore-listed frames {
  errno: -4058,
  code: 'ENOENT',
  syscall: 'open',
  path: 'C:\\Users\\arieb\\Desktop\\Portfolioo\\my-portfolio\\.next\\dev\\static\\development\\_buildManifest.js.tmp.oi5ooq21k6c'
}
C:\Users\arieb\Desktop\Portfolioo\my-portfolio\node_modules\next\dist\shared\lib\turbopack\manifest-loader.js: Invalid source map. Only conformant source maps can be used to find the original code. Cause: Error: sourceMapURL could not be parsed
C:\Users\arieb\Desktop\Portfolioo\my-portfolio\node_modules\next\dist\server\dev\turbopack-utils.js: Invalid source map. Only conformant source maps can be used to find the original code. Cause: Error: sourceMapURL could not be parsed
C:\Users\arieb\Desktop\Portfolioo\my-portfolio\node_modules\next\dist\server\dev\hot-reloader-turbopack.js: Invalid source map. Only conformant source maps can be used to find the original code. Cause: Error: sourceMapURL could not be parsed
C:\Users\arieb\Desktop\Portfolioo\my-portfolio\node_modules\next\dist\trace\trace.js: Invalid source map. Only conformant source maps can be used to find the original code. Cause: Error: sourceMapURL could not be parsed
C:\Users\arieb\Desktop\Portfolioo\my-portfolio\node_modules\next\dist\server\lib\dev-bundler-service.js: Invalid source map. Only conformant source maps can be used to find the original code. Cause: Error: sourceMapURL could not be parsed
C:\Users\arieb\Desktop\Portfolioo\my-portfolio\node_modules\next\dist\server\dev\next-dev-server.js: Invalid source map. Only conformant source maps can be used to find the original code. Cause: Error: sourceMapURL could not be parsed
C:\Users\arieb\Desktop\Portfolioo\my-portfolio\node_modules\next\dist\server\route-matcher-managers\dev-route-matcher-manager.js: Invalid source map. Only conformant source maps can be used to find the original code. Cause: Error: sourceMapURL could not be parsed
C:\Users\arieb\Desktop\Portfolioo\my-portfolio\node_modules\next\dist\server\route-matcher-managers\default-route-matcher-manager.js: Invalid source map. Only conformant source maps can be used to find the original code. Cause: Error: sourceMapURL could not be parsed
C:\Users\arieb\Desktop\Portfolioo\my-portfolio\node_modules\next\dist\server\next-server.js: Invalid source map. Only conformant source maps can be used to find the original code. Cause: Error: sourceMapURL could not be parsed
C:\Users\arieb\Desktop\Portfolioo\my-portfolio\node_modules\next\dist\server\base-server.js: Invalid source map. Only conformant source maps can be used to find the original code. Cause: Error: sourceMapURL could not be parsed
C:\Users\arieb\Desktop\Portfolioo\my-portfolio\node_modules\next\dist\server\lib\router-server.js: Invalid source map. Only conformant source maps can be used to find the original code. Cause: Error: sourceMapURL could not be parsed
C:\Users\arieb\Desktop\Portfolioo\my-portfolio\node_modules\next\dist\server\lib\start-server.js: Invalid source map. Only conformant source maps can be used to find the original code. Cause: Error: sourceMapURL could not be parsed
Error: ENOENT: no such file or directory, open 'C:\Users\arieb\Desktop\Portfolioo\my-portfolio\.next\dev\server\app\page\app-paths-manifest.json'
    at ignore-listed frames {
  errno: -4058,
  code: 'ENOENT',
  syscall: 'open',
  path: 'C:\\Users\\arieb\\Desktop\\Portfolioo\\my-portfolio\\.next\\dev\\server\\app\\page\\app-paths-manifest.json'
}
C:\Users\arieb\Desktop\Portfolioo\my-portfolio\node_modules\next\dist\server\require-hook.js: Invalid source map. Only conformant source maps can be used to find the original code. Cause: Error: sourceMapURL could not be parsed
C:\Users\arieb\Desktop\Portfolioo\my-portfolio\node_modules\next\dist\server\require.js: Invalid source map. Only conformant source maps can be used to find the original code. Cause: Error: sourceMapURL could not be parsed
C:\Users\arieb\Desktop\Portfolioo\my-portfolio\node_modules\next\dist\server\load-components.js: Invalid source map. Only conformant source maps can be used to find the original code. Cause: Error: sourceMapURL could not be parsed
C:\Users\arieb\Desktop\Portfolioo\my-portfolio\node_modules\next\dist\server\next-server.js: Invalid source map. Only conformant source maps can be used to find the original code. Cause: Error: sourceMapURL could not be parsed
C:\Users\arieb\Desktop\Portfolioo\my-portfolio\node_modules\next\dist\server\lib\trace\tracer.js: Invalid source map. Only conformant source maps can be used to find the original code. Cause: Error: sourceMapURL could not be parsed
C:\Users\arieb\Desktop\Portfolioo\my-portfolio\node_modules\next\dist\server\dev\next-dev-server.js: Invalid source map. Only conformant source maps can be used to find the original code. Cause: Error: sourceMapURL could not be parsed
C:\Users\arieb\Desktop\Portfolioo\my-portfolio\node_modules\next\dist\server\base-server.js: Invalid source map. Only conformant source maps can be used to find the original code. Cause: Error: sourceMapURL could not be parsed
C:\Users\arieb\Desktop\Portfolioo\my-portfolio\node_modules\next\dist\trace\trace.js: Invalid source map. Only conformant source maps can be used to find the original code. Cause: Error: sourceMapURL could not be parsed
C:\Users\arieb\Desktop\Portfolioo\my-portfolio\node_modules\next\dist\server\lib\router-server.js: Invalid source map. Only conformant source maps can be used to find the original code. Cause: Error: sourceMapURL could not be parsed
C:\Users\arieb\Desktop\Portfolioo\my-portfolio\node_modules\next\dist\server\lib\start-server.js: Invalid source map. Only conformant source maps can be used to find the original code. Cause: Error: sourceMapURL could not be parsed
 ⨯ Error: Cannot find module '../chunks/ssr/[turbopack]_runtime.js'
Require stack:
- C:\Users\arieb\Desktop\Portfolioo\my-portfolio\.next\dev\server\pages\_document.js
- C:\Users\arieb\Desktop\Portfolioo\my-portfolio\node_modules\next\dist\server\require.js
- C:\Users\arieb\Desktop\Portfolioo\my-portfolio\node_modules\next\dist\server\load-components.js
- C:\Users\arieb\Desktop\Portfolioo\my-portfolio\node_modules\next\dist\build\utils.js
- C:\Users\arieb\Desktop\Portfolioo\my-portfolio\node_modules\next\dist\build\swc\options.js
- C:\Users\arieb\Desktop\Portfolioo\my-portfolio\node_modules\next\dist\build\swc\index.js
- C:\Users\arieb\Desktop\Portfolioo\my-portfolio\node_modules\next\dist\server\lib\router-utils\setup-dev-bundler.js
- C:\Users\arieb\Desktop\Portfolioo\my-portfolio\node_modules\next\dist\server\lib\router-server.js
- C:\Users\arieb\Desktop\Portfolioo\my-portfolio\node_modules\next\dist\server\lib\start-server.js
    at Object.<anonymous> (C:\Users\arieb\Desktop\Portfolioo\my-portfolio\.next\dev\server\pages\_document.js:1:7) {
  code: 'MODULE_NOT_FOUND',
  requireStack: [Array]
}
C:\Users\arieb\Desktop\Portfolioo\my-portfolio\node_modules\next\dist\server\load-manifest.external.js: Invalid source map. Only conformant source maps can be used to find the original code. Cause: Error: sourceMapURL could not be parsed
C:\Users\arieb\Desktop\Portfolioo\my-portfolio\node_modules\next\dist\server\route-modules\route-module.js: Invalid source map. Only conformant source maps can be used to find the original code. Cause: Error: sourceMapURL could not be parsed
C:\Users\arieb\Desktop\Portfolioo\my-portfolio\node_modules\next\dist\server\route-modules\pages\pages-handler.js: Invalid source map. Only conformant source maps can be used to find the original code. Cause: Error: sourceMapURL could not be parsed
C:\Users\arieb\Desktop\Portfolioo\my-portfolio\node_modules\next\dist\server\base-server.js: Invalid source map. Only conformant source maps can be used to find the original code. Cause: Error: sourceMapURL could not be parsed
C:\Users\arieb\Desktop\Portfolioo\my-portfolio\node_modules\next\dist\server\dev\next-dev-server.js: Invalid source map. Only conformant source maps can be used to find the original code. Cause: Error: sourceMapURL could not be parsed
C:\Users\arieb\Desktop\Portfolioo\my-portfolio\node_modules\next\dist\trace\trace.js: Invalid source map. Only conformant source maps can be used to find the original code. Cause: Error: sourceMapURL could not be parsed
C:\Users\arieb\Desktop\Portfolioo\my-portfolio\node_modules\next\dist\server\lib\router-server.js: Invalid source map. Only conformant source maps can be used to find the original code. Cause: Error: sourceMapURL could not be parsed
C:\Users\arieb\Desktop\Portfolioo\my-portfolio\node_modules\next\dist\server\lib\start-server.js: Invalid source map. Only conformant source maps can be used to find the original code. Cause: Error: sourceMapURL could not be parsed
Error: ENOENT: no such file or directory, open 'C:\Users\arieb\Desktop\Portfolioo\my-portfolio\.next\dev\routes-manifest.json'
    at ignore-listed frames {
  errno: -4058,
  code: 'ENOENT',
  syscall: 'open',
  path: 'C:\\Users\\arieb\\Desktop\\Portfolioo\\my-portfolio\\.next\\dev\\routes-manifest.json'
}
 GET / 500 in 2.2s (compile: 2.2s, render: 10ms)
 GET / 500 in 2.2s (compile: 2.2s, render: 11ms)
